// Jest Snapshot v1, https://goo.gl/fbAQLP

exports[`QuitButton crée un snapshot du bouton QuitButton 1`] = `
<View
  accessibilityState={
    {
      "busy": undefined,
      "checked": undefined,
      "disabled": undefined,
      "expanded": undefined,
      "selected": undefined,
    }
  }
  accessibilityValue={
    {
      "max": undefined,
      "min": undefined,
      "now": undefined,
      "text": undefined,
    }
  }
  accessible={true}
  collapsable={false}
  focusable={true}
  onBlur={[Function]}
  onClick={[Function]}
  onFocus={[Function]}
  onResponderGrant={[Function]}
  onResponderMove={[Function]}
  onResponderRelease={[Function]}
  onResponderTerminate={[Function]}
  onResponderTerminationRequest={[Function]}
  onStartShouldSetResponder={[Function]}
  style={
    [
      {
        "marginRight": 10,
        "padding": 10,
      },
      false,
    ]
  }
>
  <Text
    style={
      [
        {
          "color": "#000",
        },
        {
          "color": "#FF3B30",
          "fontSize": 20,
          "fontWeight": "bold",
        },
      ]
    }
  >
    ✕
  </Text>
</View>
`;
